// Jest Snapshot v1, https://goo.gl/fbAQLP

exports[`renders MainPage without crashing 1`] = `ShallowWrapper {}`;

exports[`renders loading component when isPending is true 1`] = `ShallowWrapper {}`;
